--------------------------------------------------------------------------------------
Timing Analyzer Summary
--------------------------------------------------------------------------------------

Type           : Worst-case tsu
Slack          : N/A
Required Time  : None
Actual Time    : 8.800 ns
From           : settime0C
To             : MOD_60:u_min|ten_reg[2]
From Clock     : --
To Clock       : CLK
Failed Paths   : 0

Type           : Worst-case tco
Slack          : N/A
Required Time  : None
Actual Time    : 16.500 ns
From           : depart:u_depart|lpm_counter:div_rtl_0|dffs[2]
To             : speaker
From Clock     : CLK
To Clock       : --
Failed Paths   : 0

Type           : Worst-case th
Slack          : N/A
Required Time  : None
Actual Time    : 2.000 ns
From           : settime1C
To             : alarm_storage:u_alm_hour|OUT0_r[2]
From Clock     : --
To Clock       : CLK_10K
Failed Paths   : 0

Type           : Clock Setup: 'CLK'
Slack          : N/A
Required Time  : None
Actual Time    : 53.19 MHz ( period = 18.800 ns )
From           : MOD_24:u_hour|one_reg[1]
To             : alarm_judge:u_judge|jg_out
From Clock     : CLK
To Clock       : CLK
Failed Paths   : 0

Type           : Clock Setup: 'CLK_10K'
Slack          : N/A
Required Time  : None
Actual Time    : 125.00 MHz ( period = 8.000 ns )
From           : speaker:u_spk|cnt[1]
To             : speaker:u_spk|cnt[1]
From Clock     : CLK_10K
To Clock       : CLK_10K
Failed Paths   : 0

Type           : Total number of failed paths
Slack          : 
Required Time  : 
Actual Time    : 
From           : 
To             : 
From Clock     : 
To Clock       : 
Failed Paths   : 0

--------------------------------------------------------------------------------------

