--------------------------------------------------------------------------------------
Timing Analyzer Summary
--------------------------------------------------------------------------------------

Type           : Worst-case tsu
Slack          : N/A
Required Time  : None
Actual Time    : 8.800 ns
From           : SettimeA
To             : MOD_24:u_hour|one_reg[3]
From Clock     : --
To Clock       : CLK
Failed Paths   : 0

Type           : Worst-case tco
Slack          : N/A
Required Time  : None
Actual Time    : 17.500 ns
From           : MOD_24:u_hour|ten_reg[3]
To             : hour_low_B
From Clock     : CLK
To Clock       : --
Failed Paths   : 0

Type           : Worst-case tpd
Slack          : N/A
Required Time  : None
Actual Time    : 12.500 ns
From           : MODE_12_24
To             : hour_low_B
From Clock     : --
To Clock       : --
Failed Paths   : 0

Type           : Worst-case th
Slack          : N/A
Required Time  : None
Actual Time    : 2.000 ns
From           : SW_MODE
To             : sw_m1[3]
From Clock     : --
To Clock       : CLK
Failed Paths   : 0

Type           : Clock Setup: 'CLK'
Slack          : N/A
Required Time  : None
Actual Time    : 72.46 MHz ( period = 13.800 ns )
From           : MOD_24:u_hour|one_reg[3]
To             : alarm_judge:u_judge|jg_out
From Clock     : CLK
To Clock       : CLK
Failed Paths   : 0

Type           : Clock Setup: 'CLK_10K'
Slack          : N/A
Required Time  : None
Actual Time    : 113.64 MHz ( period = 8.800 ns )
From           : speaker:u_spk|clk_low_reg
To             : depart:u_depart|speak_out_reg
From Clock     : CLK_10K
To Clock       : CLK_10K
Failed Paths   : 0

Type           : Total number of failed paths
Slack          : 
Required Time  : 
Actual Time    : 
From           : 
To             : 
From Clock     : 
To Clock       : 
Failed Paths   : 0

--------------------------------------------------------------------------------------

